2026-09-20 04:23:00,903 INFO run_weekly: pipeline: scrape wk9, preprocess wks[1, 2, 3, 4, 5, 6, 7, 8, 9] (lite=False)
2026-09-20 04:23:00,903 INFO run_weekly: === scrape ===
2026-09-20 04:23:47,547 INFO scrape_blogs: google-news: 0 unique items for week 9
2026-09-20 04:23:48,649 INFO scrape_blogs: wikipedia: 19 exit rows, nominations summary captured
2026-09-20 04:23:52,378 INFO scrape_blogs: bellanaija: 0 items (week window 2026-09-20..2026-09-27)
2026-09-20 04:23:54,339 INFO scrape_blogs: punch: 0 items (tag page is recency-only; backfill relies on RSS+wikipedia)
2026-09-20 04:23:56,957 INFO scrape_blogs: dstv: 16 items (JS-heavy page — RSS covers backfill)
2026-09-20 04:23:57,706 INFO scrape_blogs: legitng: 0 items
2026-09-20 04:23:57,745 INFO scrape_blogs: week 9: 11 matched, 6 quarantined {'googlenews-rss': 0, 'wikipedia': 1, 'bellanaija': 0, 'punch': 0, 'dstv': 16, 'legitng': 0}
2026-09-20 04:23:57,746 INFO scrape_blogs: quarantine sample (last week): ['News Day 55 Live Updates: Cleaning and campaigning dominate ', 'News Day 50: MIPOW: Meet the Most Influential Players of BBN', 'News Bag of Tricks: The week Biggie turned the Show Ya Sef H', 'News Day 49 Live Updates: Housemates open up in the diary ro', 'News Day 47 Live Updates: Biggie returns the housemates’ mis']
{
  "weeks": {
    "9": {
      "matched": 11,
      "quarantined": 6,
      "sources": {
        "googlenews-rss": 0,
        "wikipedia": 1,
        "bellanaija": 0,
        "punch": 0,
        "dstv": 16,
        "legitng": 0
      }
    }
  }
}
2026-09-20 04:23:57,867 INFO run_weekly: === scrape done in 57.0s (exit 0) ===
2026-09-20 04:23:57,868 INFO run_weekly: === preprocess ===
2026-09-20 04:24:00,090 INFO scrape_blogs: manual notes: 7 override rows loaded
2026-09-20 04:24:01,188 INFO scrape_blogs: manual notes: 7 override rows loaded
2026-09-20 04:24:01,214 INFO preprocess: CPI renormalisation: sources exposed no ['comments', 'shares'] this week — weights renormalised over ['article_mentions', 'headline_features'] (weight mass 1.00 → 0.30)
2026-09-20 04:24:01,235 INFO preprocess: CPI renormalisation: sources exposed no ['comments', 'shares'] this week — weights renormalised over ['article_mentions', 'headline_features'] (weight mass 1.00 → 0.30)
2026-09-20 04:24:01,253 INFO preprocess: CPI renormalisation: sources exposed no ['comments', 'shares'] this week — weights renormalised over ['article_mentions', 'headline_features'] (weight mass 1.00 → 0.30)
2026-09-20 04:24:01,269 INFO preprocess: CPI renormalisation: sources exposed no ['comments', 'shares'] this week — weights renormalised over ['article_mentions', 'headline_features'] (weight mass 1.00 → 0.30)
2026-09-20 04:24:01,288 INFO preprocess: CPI renormalisation: sources exposed no ['comments', 'shares'] this week — weights renormalised over ['article_mentions', 'headline_features'] (weight mass 1.00 → 0.30)
2026-09-20 04:24:01,295 INFO preprocess: CPI renormalisation: sources exposed no ['comments', 'shares'] this week — weights renormalised over ['article_mentions', 'headline_features'] (weight mass 1.00 → 0.30)
2026-09-20 04:24:01,317 INFO preprocess: CPI renormalisation: sources exposed no ['comments', 'shares'] this week — weights renormalised over ['article_mentions', 'headline_features'] (weight mass 1.00 → 0.30)
2026-09-20 04:24:01,336 INFO preprocess: CPI renormalisation: sources exposed no ['comments', 'shares'] this week — weights renormalised over ['article_mentions', 'headline_features'] (weight mass 1.00 → 0.30)
2026-09-20 04:24:01,353 WARNING preprocess: wikipedia: no nomination column for week 9 in any summary row
2026-09-20 04:24:01,354 WARNING preprocess: week 9: no nomination facts — at_risk coded 0 for all (logged, not guessed)
2026-09-20 04:24:01,356 INFO preprocess: CPI renormalisation: sources exposed no ['comments', 'shares'] this week — weights renormalised over ['article_mentions', 'headline_features'] (weight mass 1.00 → 0.30)
2026-09-20 04:24:01,389 INFO preprocess: daily_cpi.json written: 172 records across weeks [1, 2, 3, 4, 5, 6, 7, 8, 9] (missing: [])
{
  "weeks_built": [
    1,
    2,
    3,
    4,
    5,
    6,
    7,
    8,
    9
  ],
  "missing_weeks": [],
  "records": 172,
  "per_week": {
    "1": {
      "records": 24,
      "backfilled": false,
      "sources": [
        "dstv",
        "googlenews-rss"
      ],
      "nominated": 0
    },
    "2": {
      "records": 24,
      "backfilled": false,
      "sources": [
        "dstv",
        "googlenews-rss"
      ],
      "nominated": 16
    },
    "3": {
      "records": 22,
      "backfilled": false,
      "sources": [
        "dstv",
        "googlenews-rss"
      ],
      "nominated": 16
    },
    "4": {
      "records": 20,
      "backfilled": false,
      "sources": [
        "dstv",
        "googlenews-rss"
      ],
      "nominated": 8
    },
    "5": {
      "records": 19,
      "backfilled": false,
      "sources": [
        "dstv",
        "googlenews-rss"
      ],
      "nominated": 14
    },
    "6": {
      "records": 17,
      "backfilled": false,
      "sources": [
        "dstv",
        "googlenews-rss"
      ],
      "nominated": 15
    },
    "7": {
      "records": 16,
      "backfilled": false,
      "sources": [
        "dstv",
        "googlenews-rss"
      ],
      "nominated": 13
    },
    "8": {
      "records": 15,
      "backfilled": false,
      "sources": [
        "dstv",
        "googlenews-rss"
      ],
      "nominated": 11
    },
    "9": {
      "records": 15,
      "backfilled": false,
      "sources": [
        "dstv"
      ],
      "nominated": 0
    }
  }
}
2026-09-20 04:24:01,510 INFO run_weekly: === preprocess done in 3.6s (exit 0) ===
2026-09-20 04:24:01,511 INFO run_weekly: === model ===
2026-09-20 04:24:33,567 WARNING bbnaija_mcmc: table: no t_now record for ['Cassi', 'Gerard', 'Goddessa', 'Kamsy', 'Mercedes', 'Martins', 'Neche', 'Nomy', 'Sultex'] (treated as not in house)
2026-09-20 04:24:33,567 INFO bbnaija_mcmc: standardization: t mean=5.0000 scale=2.5820 | sentiment mean=0.0318 scale=0.2350
C:\Users\TOSHIBA\miniconda3\envs\bap3\Lib\site-packages\pymc\data.py:433: UserWarning: The `mutable` kwarg was not specified. Before v4.1.0 it defaulted to `pm.Data(mutable=True)`, which is equivalent to using `pm.MutableData()`. In v4.1.0 the default changed to `pm.Data(mutable=False)`, equivalent to `pm.ConstantData`. Use `pm.ConstantData`/`pm.MutableData` or pass `pm.Data(..., mutable=False/True)` to avoid this warning.
  warnings.warn(
2026-09-20 04:24:34,987 INFO bbnaija_mcmc: priors[momentum]: fixed effects Normal(0, 2.5); offsets non-centered, s_alpha HalfNormal(1); s_beta HalfNormal(2.0); rho = 2*Beta(2,2)-1 [LKJ(2) at n=2]
C:\Users\TOSHIBA\miniconda3\envs\bap3\Lib\site-packages\pymc\data.py:433: UserWarning: The `mutable` kwarg was not specified. Before v4.1.0 it defaulted to `pm.Data(mutable=True)`, which is equivalent to using `pm.MutableData()`. In v4.1.0 the default changed to `pm.Data(mutable=False)`, equivalent to `pm.ConstantData`. Use `pm.ConstantData`/`pm.MutableData` or pass `pm.Data(..., mutable=False/True)` to avoid this warning.
  warnings.warn(
2026-09-20 04:24:35,537 INFO bbnaija_mcmc: model[momentum]: N=24 T=9 weeks, cox events at weeks [2, 3, 4, 5, 6, 7, 8, 9]
Auto-assigning NUTS sampler...
2026-09-20 04:25:50,918 INFO pymc.sampling.mcmc: Auto-assigning NUTS sampler...
Initializing NUTS using jitter+adapt_diag...
2026-09-20 04:25:50,919 INFO pymc.sampling.mcmc: Initializing NUTS using jitter+adapt_diag...
Multiprocess sampling (4 chains in 4 jobs)
2026-09-20 04:27:52,641 INFO pymc.sampling.mcmc: Multiprocess sampling (4 chains in 4 jobs)
NUTS: [alpha, beta, gamma, delta, theta, eta, s_alpha, s_beta, rho01, z_alpha, z_beta, psi, nb_alpha]
2026-09-20 04:27:52,641 INFO pymc.sampling.mcmc: NUTS: [alpha, beta, gamma, delta, theta, eta, s_alpha, s_beta, rho01, z_alpha, z_beta, psi, nb_alpha]
Sampling 4 chains for 1_000 tune and 2_000 draw iterations (4_000 + 8_000 draws total) took 1754 seconds.
2026-09-20 04:57:48,032 INFO pymc.sampling.mcmc: Sampling 4 chains for 1_000 tune and 2_000 draw iterations (4_000 + 8_000 draws total) took 1754 seconds.
2026-09-20 04:58:34,326 INFO bbnaija_mcmc: sampled: 2000 draws x 4 chains seed=20260912 divergences=0 lite=False
C:\Users\TOSHIBA\miniconda3\envs\bap3\Lib\site-packages\arviz\stats\diagnostics.py:592: RuntimeWarning: invalid value encountered in scalar divide
  (between_chain_variance / within_chain_variance + num_samples - 1) / (num_samples)
2026-09-20 04:58:38,593 INFO bbnaija_mcmc: rhat: 44 structural-constant coordinate(s) excluded (e.g. LKJ corr diagonal)
C:\Users\TOSHIBA\miniconda3\envs\bap3\Lib\site-packages\pymc\data.py:433: UserWarning: The `mutable` kwarg was not specified. Before v4.1.0 it defaulted to `pm.Data(mutable=True)`, which is equivalent to using `pm.MutableData()`. In v4.1.0 the default changed to `pm.Data(mutable=False)`, equivalent to `pm.ConstantData`. Use `pm.ConstantData`/`pm.MutableData` or pass `pm.Data(..., mutable=False/True)` to avoid this warning.
  warnings.warn(
2026-09-20 04:58:38,729 INFO bbnaija_mcmc: priors[baseline]: fixed effects Normal(0, 2.5); offsets non-centered, s_alpha HalfNormal(1); s_beta HalfNormal(0.5); rho = 2*Beta(2,2)-1 [LKJ(2) at n=2]
C:\Users\TOSHIBA\miniconda3\envs\bap3\Lib\site-packages\pymc\data.py:433: UserWarning: The `mutable` kwarg was not specified. Before v4.1.0 it defaulted to `pm.Data(mutable=True)`, which is equivalent to using `pm.MutableData()`. In v4.1.0 the default changed to `pm.Data(mutable=False)`, equivalent to `pm.ConstantData`. Use `pm.ConstantData`/`pm.MutableData` or pass `pm.Data(..., mutable=False/True)` to avoid this warning.
  warnings.warn(
2026-09-20 04:58:39,183 INFO bbnaija_mcmc: model[baseline]: N=24 T=9 weeks, cox events at weeks [2, 3, 4, 5, 6, 7, 8, 9]
Auto-assigning NUTS sampler...
2026-09-20 04:59:25,546 INFO pymc.sampling.mcmc: Auto-assigning NUTS sampler...
Initializing NUTS using jitter+adapt_diag...
2026-09-20 04:59:25,546 INFO pymc.sampling.mcmc: Initializing NUTS using jitter+adapt_diag...
Multiprocess sampling (4 chains in 4 jobs)
2026-09-20 05:01:45,096 INFO pymc.sampling.mcmc: Multiprocess sampling (4 chains in 4 jobs)
NUTS: [alpha, beta, gamma, delta, theta, eta, s_alpha, s_beta, rho01, z_alpha, z_beta, psi, nb_alpha]
2026-09-20 05:01:45,096 INFO pymc.sampling.mcmc: NUTS: [alpha, beta, gamma, delta, theta, eta, s_alpha, s_beta, rho01, z_alpha, z_beta, psi, nb_alpha]
Sampling 4 chains for 1_000 tune and 2_000 draw iterations (4_000 + 8_000 draws total) took 1824 seconds.
2026-09-20 05:32:43,264 INFO pymc.sampling.mcmc: Sampling 4 chains for 1_000 tune and 2_000 draw iterations (4_000 + 8_000 draws total) took 1824 seconds.
2026-09-20 05:33:19,999 INFO bbnaija_mcmc: sampled: 2000 draws x 4 chains seed=20260913 divergences=0 lite=False
C:\Users\TOSHIBA\miniconda3\envs\bap3\Lib\site-packages\arviz\stats\diagnostics.py:592: RuntimeWarning: invalid value encountered in scalar divide
  (between_chain_variance / within_chain_variance + num_samples - 1) / (num_samples)
2026-09-20 05:33:24,654 INFO bbnaija_mcmc: rhat: 44 structural-constant coordinate(s) excluded (e.g. LKJ corr diagonal)
C:\Users\TOSHIBA\miniconda3\envs\bap3\Lib\site-packages\pymc\data.py:433: UserWarning: The `mutable` kwarg was not specified. Before v4.1.0 it defaulted to `pm.Data(mutable=True)`, which is equivalent to using `pm.MutableData()`. In v4.1.0 the default changed to `pm.Data(mutable=False)`, equivalent to `pm.ConstantData`. Use `pm.ConstantData`/`pm.MutableData` or pass `pm.Data(..., mutable=False/True)` to avoid this warning.
  warnings.warn(
2026-09-20 05:33:24,809 INFO bbnaija_mcmc: priors[heteroscedastic]: fixed effects Normal(0, 2.5); offsets non-centered, s_alpha HalfNormal(1); s_beta HalfNormal(1.0); rho = 2*Beta(2,2)-1 [LKJ(2) at n=2]
C:\Users\TOSHIBA\miniconda3\envs\bap3\Lib\site-packages\pymc\data.py:433: UserWarning: The `mutable` kwarg was not specified. Before v4.1.0 it defaulted to `pm.Data(mutable=True)`, which is equivalent to using `pm.MutableData()`. In v4.1.0 the default changed to `pm.Data(mutable=False)`, equivalent to `pm.ConstantData`. Use `pm.ConstantData`/`pm.MutableData` or pass `pm.Data(..., mutable=False/True)` to avoid this warning.
  warnings.warn(
2026-09-20 05:33:25,351 INFO bbnaija_mcmc: model[heteroscedastic]: N=24 T=9 weeks, cox events at weeks [2, 3, 4, 5, 6, 7, 8, 9]
Auto-assigning NUTS sampler...
2026-09-20 05:34:20,208 INFO pymc.sampling.mcmc: Auto-assigning NUTS sampler...
Initializing NUTS using jitter+adapt_diag...
2026-09-20 05:34:20,208 INFO pymc.sampling.mcmc: Initializing NUTS using jitter+adapt_diag...
Multiprocess sampling (4 chains in 4 jobs)
2026-09-20 05:36:02,961 INFO pymc.sampling.mcmc: Multiprocess sampling (4 chains in 4 jobs)
NUTS: [alpha, beta, gamma, delta, theta, eta, s_alpha, s_beta, rho01, z_alpha, z_beta, s_spike, psi, nb_alpha]
2026-09-20 05:36:02,961 INFO pymc.sampling.mcmc: NUTS: [alpha, beta, gamma, delta, theta, eta, s_alpha, s_beta, rho01, z_alpha, z_beta, s_spike, psi, nb_alpha]
Sampling 4 chains for 1_000 tune and 2_000 draw iterations (4_000 + 8_000 draws total) took 1363 seconds.
2026-09-20 05:58:59,194 INFO pymc.sampling.mcmc: Sampling 4 chains for 1_000 tune and 2_000 draw iterations (4_000 + 8_000 draws total) took 1363 seconds.
2026-09-20 05:59:13,123 INFO bbnaija_mcmc: sampled: 2000 draws x 4 chains seed=20260914 divergences=0 lite=False
C:\Users\TOSHIBA\miniconda3\envs\bap3\Lib\site-packages\arviz\stats\diagnostics.py:592: RuntimeWarning: invalid value encountered in scalar divide
  (between_chain_variance / within_chain_variance + num_samples - 1) / (num_samples)
2026-09-20 05:59:14,749 INFO bbnaija_mcmc: rhat: 44 structural-constant coordinate(s) excluded (e.g. LKJ corr diagonal)
2026-09-20 05:59:16,359 INFO bbnaija_mcmc: rhat: 44 structural-constant coordinate(s) excluded (e.g. LKJ corr diagonal)
2026-09-20 05:59:16,359 INFO bbnaija_mcmc: R-hat gate: max=1.0064 gate=1.01 -> PASS
2026-09-20 05:59:17,954 INFO bbnaija_mcmc: rhat: 44 structural-constant coordinate(s) excluded (e.g. LKJ corr diagonal)
2026-09-20 05:59:17,954 INFO bbnaija_mcmc: R-hat gate: max=1.0038 gate=1.01 -> PASS
2026-09-20 05:59:19,517 INFO bbnaija_mcmc: rhat: 44 structural-constant coordinate(s) excluded (e.g. LKJ corr diagonal)
2026-09-20 05:59:19,517 INFO bbnaija_mcmc: R-hat gate: max=1.0064 gate=1.01 -> PASS
2026-09-20 05:59:21,112 INFO bbnaija_mcmc: rhat: 44 structural-constant coordinate(s) excluded (e.g. LKJ corr diagonal)
2026-09-20 05:59:21,112 INFO bbnaija_mcmc: R-hat gate: max=1.0029 gate=1.01 -> PASS
C:\Users\TOSHIBA\miniconda3\envs\bap3\Lib\site-packages\arviz\stats\stats.py:803: UserWarning: Estimated shape parameter of Pareto distribution is greater than 0.7 for one or more samples. You should consider using a more robust model, this is because importance sampling is less likely to work well if the marginal posterior and LOO posterior are very different. This is more likely to happen with a non-robust model and highly influential observations.
  warnings.warn(
C:\Users\TOSHIBA\miniconda3\envs\bap3\Lib\site-packages\arviz\stats\stats.py:803: UserWarning: Estimated shape parameter of Pareto distribution is greater than 0.7 for one or more samples. You should consider using a more robust model, this is because importance sampling is less likely to work well if the marginal posterior and LOO posterior are very different. This is more likely to happen with a non-robust model and highly influential observations.
  warnings.warn(
C:\Users\TOSHIBA\miniconda3\envs\bap3\Lib\site-packages\arviz\stats\stats.py:803: UserWarning: Estimated shape parameter of Pareto distribution is greater than 0.7 for one or more samples. You should consider using a more robust model, this is because importance sampling is less likely to work well if the marginal posterior and LOO posterior are very different. This is more likely to happen with a non-robust model and highly influential observations.
  warnings.warn(
2026-09-20 05:59:22,440 INFO bbnaija_mcmc: BMA BB-pseudo-BMA+ weights (P=216 cells): {'baseline': 0.3331, 'heteroscedastic': 0.3333, 'momentum': 0.3336}
2026-09-20 05:59:22,440 INFO bbnaija_mcmc: assembling products from ['baseline', 'heteroscedastic', 'momentum'] (anchor for trend/at-risk: momentum)
2026-09-20 05:59:23,394 INFO bbnaija_mcmc: run_inference done in 5689.8s (gate PASS, rhat_max=1.0064)

=== P5 modeling run summary ===
precision: full   rhat_max: 1.00643   candidates R-hat: {'momentum': 1.00383, 'baseline': 1.00643, 'heteroscedastic': 1.00293}
BMA weights: {'momentum': 0.3336, 'baseline': 0.3331, 'heteroscedastic': 0.3333}
podium: 1) Chimsom Chuka (0.34)  2) Tram (0.15)  3) Oyin (0.11)
trend projection (secondary): ['Chimsom Chuka', 'Tram', 'Barry']
at risk (relative hazard): []
  Chimsom Chuka P(#1)=0.34  P(top3)=0.65  P(top5)=0.81  median=0.131 HDI89=[0.045873, 0.228099]
  Tram         P(#1)=0.15  P(top3)=0.44  P(top5)=0.65  median=0.102 HDI89=[0.02907, 0.178461]
  Flora        P(#1)=0.09  P(top3)=0.30  P(top5)=0.50  median=0.082 HDI89=[0.015209, 0.158486]
  Oyin         P(#1)=0.09  P(top3)=0.31  P(top5)=0.52  median=0.086 HDI89=[0.01876, 0.15388]
  Yusuf        P(#1)=0.07  P(top3)=0.24  P(top5)=0.43  median=0.075 HDI89=[0.012333, 0.141033]
2026-09-20 05:59:23,409 INFO bbnaija_mcmc: products written: D:\BBnaija26\data\predictions.json (precision=full)
2026-09-20 05:59:23,409 INFO bbnaija_mcmc: run record written: D:\BBnaija26\notebooks\run_record_latest.json
2026-09-20 05:59:37,089 INFO run_weekly: === model done in 5735.6s (exit 0) ===
2026-09-20 05:59:37,120 INFO run_weekly: last-good archive refreshed: .last_good_predictions.json
2026-09-20 05:59:37,120 INFO run_weekly: docs/predictions.json refreshed (commit + push to deploy)

================================================================
WEEKLY RUN REVIEW — human decision required before push
================================================================
  Winner        : Chimsom Chuka        0.336
  Runner-up     : Tram                 0.154
  2nd runner-up : Oyin                 0.110

  P(#1) leaders:
    Chimsom Chuka        0.336  (tie: Tram)
    Tram                 0.150  (tie: Chimsom Chuka, Oyin)
    Flora                0.094  (tie: Oyin, Yusuf)
    Oyin                 0.090  (tie: Flora, Tram)
    Yusuf                0.066  (tie: Bells, Flora)
    Bells                0.066  (tie: Temi Nkem, Yusuf)

  Precision      : full
  R-hat max      : 1.00643
  Model weights  : {'momentum': 0.3336, 'baseline': 0.3331, 'heteroscedastic': 0.3333}
  Divergences    : {'momentum': 0, 'baseline': 0, 'heteroscedastic': 0}
  Missing weeks  : n/a
  Backfilled     : n/a

  Stage timings  : scrape 57s, preprocess 4s, model 5736s, schema_gate 0s
================================================================
Next step (human): verify the numbers, then `git add docs/predictions.json && git commit && git push` to deploy.
2026-09-20 05:59:37,120 INFO run_weekly: total wall time: 5796.2s
